[templates.iqonic.design/socialv/bs5/html/dist/dashboard/index.html]
[backblue.gif]
[fade.gif]
[index.html]
[templates.iqonic.design/socialv/bs5/html/dist/assets/css/libs.min.css]
[templates.iqonic.design/socialv/bs5/html/dist/assets/css/socialv1fc6.css]
[templates.iqonic.design/socialv/bs5/html/dist/assets/vendor/@fortawesome/fontawesome-free/css/all.min.css]
[templates.iqonic.design/socialv/bs5/html/dist/assets/vendor/remixicon/fonts/remixicon.css]
[templates.iqonic.design/socialv/bs5/html/dist/assets/vendor/vanillajs-datepicker/dist/css/datepicker.min.css]
[templates.iqonic.design/socialv/bs5/html/dist/assets/vendor/font-awesome-line-awesome/css/all.min.css]
[templates.iqonic.design/socialv/bs5/html/dist/assets/vendor/line-awesome/dist/line-awesome/css/line-awesome.min.css]
[templates.iqonic.design/socialv/bs5/html/dist/dashboard/friend-list.html]
[templates.iqonic.design/socialv/bs5/html/dist/dashboard/friend-profile.html]
[templates.iqonic.design/socialv/bs5/html/dist/dashboard/notification.html]
[templates.iqonic.design/socialv/bs5/html/dist/dashboard/file.html]
[templates.iqonic.design/socialv/bs5/html/dist/dashboard/friend-request.html]
[templates.iqonic.design/socialv/bs5/html/dist/dashboard/calendar.html]
[templates.iqonic.design/socialv/bs5/html/dist/dashboard/birthday.html]
[templates.iqonic.design/socialv/bs5/html/dist/dashboard/weather.html]
[templates.iqonic.design/socialv/bs5/html/dist/dashboard/music.html]
[templates.iqonic.design/socialv/bs5/html/dist/dashboard/blog-grid.html]
[templates.iqonic.design/socialv/bs5/html/dist/dashboard/blog-list.html]
[templates.iqonic.design/socialv/bs5/html/dist/dashboard/blog-detail.html]
[templates.iqonic.design/socialv/bs5/html/dist/dashboard/store-category-grid.html]
[templates.iqonic.design/socialv/bs5/html/dist/dashboard/store-category-list.html]
[templates.iqonic.design/socialv/bs5/html/dist/dashboard/store-detail.html]
[templates.iqonic.design/socialv/bs5/html/dist/dashboard/store-checkout.html]
[templates.iqonic.design/socialv/bs5/html/dist/dashboard/ui-color.html]
[templates.iqonic.design/socialv/bs5/html/dist/dashboard/ui-typography.html]
[templates.iqonic.design/socialv/bs5/html/dist/dashboard/ui-alerts.html]
[templates.iqonic.design/socialv/bs5/html/dist/dashboard/ui-badges.html]
[templates.iqonic.design/socialv/bs5/html/dist/dashboard/ui-breadcrumb.html]
[templates.iqonic.design/socialv/bs5/html/dist/dashboard/ui-buttons.html]
[templates.iqonic.design/socialv/bs5/html/dist/dashboard/ui-cards.html]
[templates.iqonic.design/socialv/bs5/html/dist/dashboard/ui-carousel.html]
[templates.iqonic.design/socialv/bs5/html/dist/dashboard/ui-embed-video.html]
[templates.iqonic.design/socialv/bs5/html/dist/dashboard/ui-grid.html]
[templates.iqonic.design/socialv/bs5/html/dist/dashboard/ui-images.html]
[templates.iqonic.design/socialv/bs5/html/dist/dashboard/ui-list-group.html]
[templates.iqonic.design/socialv/bs5/html/dist/dashboard/ui-modal.html]
[templates.iqonic.design/socialv/bs5/html/dist/dashboard/ui-notifications.html]
[templates.iqonic.design/socialv/bs5/html/dist/dashboard/ui-pagination.html]
[templates.iqonic.design/socialv/bs5/html/dist/dashboard/ui-popovers.html]
[templates.iqonic.design/socialv/bs5/html/dist/dashboard/ui-progressbars.html]
[templates.iqonic.design/socialv/bs5/html/dist/dashboard/ui-tabs.html]
[templates.iqonic.design/socialv/bs5/html/dist/dashboard/ui-tooltips.html]
[templates.iqonic.design/socialv/bs5/html/dist/dashboard/form-layout.html]
[templates.iqonic.design/socialv/bs5/html/dist/dashboard/form-validation.html]
[templates.iqonic.design/socialv/bs5/html/dist/dashboard/form-switch.html]
[templates.iqonic.design/socialv/bs5/html/dist/dashboard/form-chechbox.html]
[templates.iqonic.design/socialv/bs5/html/dist/dashboard/form-radio.html]
[templates.iqonic.design/socialv/bs5/html/dist/dashboard/form-wizard.html]
[templates.iqonic.design/socialv/bs5/html/dist/dashboard/form-wizard-validate.html]
[templates.iqonic.design/socialv/bs5/html/dist/dashboard/form-wizard-vertical.html]
[templates.iqonic.design/socialv/bs5/html/dist/dashboard/tables-basic.html]
[templates.iqonic.design/socialv/bs5/html/dist/dashboard/data-table.html]
[templates.iqonic.design/socialv/bs5/html/dist/dashboard/table-editable.html]
[templates.iqonic.design/socialv/bs5/html/dist/dashboard/icon-fontawesome-5.html]
[templates.iqonic.design/socialv/bs5/html/dist/dashboard/icon-lineawesome.html]
[templates.iqonic.design/socialv/bs5/html/dist/dashboard/icon-remixicon.html]
[templates.iqonic.design/socialv/bs5/html/dist/dashboard/sign-in.html]
[templates.iqonic.design/socialv/bs5/html/dist/dashboard/sign-up.html]
[templates.iqonic.design/socialv/bs5/html/dist/dashboard/pages-recoverpw.html]
[templates.iqonic.design/socialv/bs5/html/dist/dashboard/pages-confirm-mail.html]
[templates.iqonic.design/socialv/bs5/html/dist/dashboard/pages-lock-screen.html]
[templates.iqonic.design/socialv/bs5/html/dist/dashboard/pages-timeline.html]
[templates.iqonic.design/socialv/bs5/html/dist/dashboard/pages-invoice.html]
[templates.iqonic.design/socialv/bs5/html/dist/dashboard/blank-page.html]
[templates.iqonic.design/socialv/bs5/html/dist/dashboard/pages-error.html]
[templates.iqonic.design/socialv/bs5/html/dist/dashboard/pages-error-500.html]
[templates.iqonic.design/socialv/bs5/html/dist/dashboard/pages-pricing.html]
[templates.iqonic.design/socialv/bs5/html/dist/dashboard/pages-pricing-one.html]
[templates.iqonic.design/socialv/bs5/html/dist/dashboard/pages-maintenance.html]
[templates.iqonic.design/socialv/bs5/html/dist/dashboard/pages-comingsoon.html]
[templates.iqonic.design/socialv/bs5/html/dist/dashboard/pages-faq.html]
[templates.iqonic.design/socialv/bs5/html/dist/assets/images/logo.png]
[templates.iqonic.design/socialv/bs5/html/dist/assets/images/user/01.jpg]
[templates.iqonic.design/socialv/bs5/html/dist/assets/images/user/02.jpg]
[templates.iqonic.design/socialv/bs5/html/dist/assets/images/user/03.jpg]
[templates.iqonic.design/socialv/bs5/html/dist/assets/images/user/04.jpg]
[templates.iqonic.design/socialv/bs5/html/dist/assets/images/user/05.jpg]
[templates.iqonic.design/socialv/bs5/html/dist/assets/images/user/1.jpg]
[templates.iqonic.design/socialv/bs5/html/dist/assets/images/user/11.jpg]
[templates.iqonic.design/socialv/bs5/html/dist/assets/images/user/12.jpg]
[templates.iqonic.design/socialv/bs5/html/dist/assets/images/small/07.png]
[templates.iqonic.design/socialv/bs5/html/dist/assets/images/small/08.png]
[templates.iqonic.design/socialv/bs5/html/dist/assets/images/small/09.png]
[templates.iqonic.design/socialv/bs5/html/dist/assets/images/small/10.png]
[templates.iqonic.design/socialv/bs5/html/dist/assets/images/small/11.png]
[templates.iqonic.design/socialv/bs5/html/dist/assets/images/small/12.png]
[templates.iqonic.design/socialv/bs5/html/dist/assets/images/small/13.png]
[templates.iqonic.design/socialv/bs5/html/dist/assets/images/small/14.png]
[templates.iqonic.design/socialv/bs5/html/dist/assets/images/page-img/p2.jpg]
[templates.iqonic.design/socialv/bs5/html/dist/assets/images/page-img/p1.jpg]
[templates.iqonic.design/socialv/bs5/html/dist/assets/images/page-img/p3.jpg]
[templates.iqonic.design/socialv/bs5/html/dist/assets/images/icon/01.png]
[templates.iqonic.design/socialv/bs5/html/dist/assets/images/icon/02.png]
[templates.iqonic.design/socialv/bs5/html/dist/assets/images/icon/03.png]
[templates.iqonic.design/socialv/bs5/html/dist/assets/images/icon/04.png]
[templates.iqonic.design/socialv/bs5/html/dist/assets/images/icon/05.png]
[templates.iqonic.design/socialv/bs5/html/dist/assets/images/icon/06.png]
[templates.iqonic.design/socialv/bs5/html/dist/assets/images/icon/07.png]
[templates.iqonic.design/socialv/bs5/html/dist/assets/images/page-img/p4.jpg]
[templates.iqonic.design/socialv/bs5/html/dist/assets/images/page-img/p5.jpg]
[templates.iqonic.design/socialv/bs5/html/dist/assets/images/page-img/s2.jpg]
[templates.iqonic.design/socialv/bs5/html/dist/assets/images/page-img/s3.jpg]
[templates.iqonic.design/socialv/bs5/html/dist/assets/images/page-img/s1.jpg]
[templates.iqonic.design/socialv/bs5/html/dist/assets/images/page-img/s4.jpg]
[templates.iqonic.design/socialv/bs5/html/dist/assets/images/page-img/s5.jpg]
[templates.iqonic.design/socialv/bs5/html/dist/assets/images/page-img/42.png]
[templates.iqonic.design/socialv/bs5/html/dist/assets/images/small/img-1.jpg]
[templates.iqonic.design/socialv/bs5/html/dist/assets/images/small/img-2.jpg]
[templates.iqonic.design/socialv/bs5/html/dist/assets/images/page-img/page-load-loader.gif]
[templates.iqonic.design/socialv/bs5/html/dist/dashboard/privacy-policy.html]
[templates.iqonic.design/socialv/bs5/html/dist/dashboard/terms-of-service.html]
[templates.iqonic.design/socialv/bs5/html/dist/assets/js/slider.js]
[templates.iqonic.design/socialv/bs5/html/dist/assets/js/libs.min.js]
[templates.iqonic.design/socialv/bs5/html/dist/assets/js/masonry.pkgd.min.js]
[templates.iqonic.design/socialv/bs5/html/dist/assets/js/enchanter.js]
[templates.iqonic.design/socialv/bs5/html/dist/assets/js/sweetalert.js]
[templates.iqonic.design/socialv/bs5/html/dist/assets/js/customizer.js]
[templates.iqonic.design/socialv/bs5/html/dist/assets/js/charts/weather-chart.js]
[templates.iqonic.design/socialv/bs5/html/dist/assets/js/app.js]
[templates.iqonic.design/socialv/bs5/html/dist/vendor/vanillajs-datepicker/dist/js/datepicker.min.js]
[templates.iqonic.design/socialv/bs5/html/dist/assets/js/lottie.js]
[templates.iqonic.design/socialv/bs5/html/dist/assets/images/icon/08.png]
[templates.iqonic.design/socialv/bs5/html/dist/assets/images/icon/09.png]
[templates.iqonic.design/socialv/bs5/html/dist/assets/images/icon/10.png]
[templates.iqonic.design/socialv/bs5/html/dist/assets/images/icon/11.png]
[templates.iqonic.design/socialv/bs5/html/dist/assets/images/icon/13.png]
[templates.iqonic.design/socialv/bs5/html/dist/assets/images/icon/12.png]
[templates.iqonic.design/socialv/bs5/html/dist/dashboard/index.html]
[templates.iqonic.design/socialv/bs5/html/dist/assets/images/sort_both.png]
[templates.iqonic.design/socialv/bs5/html/dist/assets/images/sort_asc.png]
[templates.iqonic.design/socialv/bs5/html/dist/assets/images/sort_desc.png]
[templates.iqonic.design/socialv/bs5/html/dist/assets/images/sort_asc_disabled.png]
[templates.iqonic.design/socialv/bs5/html/dist/assets/images/sort_desc_disabled.png]
[templates.iqonic.design/socialv/bs5/html/dist/assets/css/images/layers.png]
[templates.iqonic.design/socialv/bs5/html/dist/assets/css/images/layers-2x.png]
[templates.iqonic.design/socialv/bs5/html/dist/assets/css/images/marker-icon.png]
[templates.iqonic.design/socialv/bs5/html/dist/assets/css/libs.min.css]
[templates.iqonic.design/socialv/bs5/html/dist/assets/images/page-img/dark-100.jpg]
[templates.iqonic.design/socialv/bs5/html/dist/assets/images/loader-dark.png]
[templates.iqonic.design/socialv/bs5/html/dist/assets/css/socialv1fc6.css]
[templates.iqonic.design/socialv/bs5/html/dist/assets/vendor/@fortawesome/fontawesome-free/css/all.min.css]
[templates.iqonic.design/socialv/bs5/html/dist/assets/vendor/remixicon/fonts/remixicondf6d.woff2]
[templates.iqonic.design/socialv/bs5/html/dist/assets/vendor/remixicon/fonts/remixicondf6d.woff]
[templates.iqonic.design/socialv/bs5/html/dist/assets/vendor/remixicon/fonts/remixicondf6d.eot]
[templates.iqonic.design/socialv/bs5/html/dist/assets/vendor/remixicon/fonts/remixicon.css]
[templates.iqonic.design/socialv/bs5/html/dist/assets/vendor/vanillajs-datepicker/dist/css/datepicker.min.css]
[templates.iqonic.design/socialv/bs5/html/dist/assets/vendor/font-awesome-line-awesome/css/all.min.html]
[templates.iqonic.design/socialv/bs5/html/dist/assets/vendor/line-awesome/dist/line-awesome/css/line-awesome.min.css]
[templates.iqonic.design/socialv/bs5/html/dist/assets/vendor/remixicon/fonts/remixicondf6d.svg]
[templates.iqonic.design/socialv/bs5/html/dist/assets/vendor/remixicon/fonts/remixicondf6d.ttf]
[templates.iqonic.design/socialv/bs5/html/dist/assets/images/page-img/profile-bg3.jpg]
[templates.iqonic.design/socialv/bs5/html/dist/assets/images/page-img/profile-bg2.jpg]
[templates.iqonic.design/socialv/bs5/html/dist/assets/images/page-img/profile-bg1.jpg]
[templates.iqonic.design/socialv/bs5/html/dist/assets/images/user/06.jpg]
[templates.iqonic.design/socialv/bs5/html/dist/assets/images/page-img/profile-bg4.jpg]
[templates.iqonic.design/socialv/bs5/html/dist/assets/images/user/07.jpg]
[templates.iqonic.design/socialv/bs5/html/dist/assets/images/page-img/profile-bg5.jpg]
[templates.iqonic.design/socialv/bs5/html/dist/assets/images/user/08.jpg]
[templates.iqonic.design/socialv/bs5/html/dist/assets/images/page-img/profile-bg6.jpg]
[templates.iqonic.design/socialv/bs5/html/dist/assets/images/user/09.jpg]
[templates.iqonic.design/socialv/bs5/html/dist/assets/images/page-img/profile-bg7.jpg]
[templates.iqonic.design/socialv/bs5/html/dist/assets/images/user/10.jpg]
[templates.iqonic.design/socialv/bs5/html/dist/assets/images/page-img/profile-bg8.jpg]
[templates.iqonic.design/socialv/bs5/html/dist/assets/images/user/13.jpg]
[templates.iqonic.design/socialv/bs5/html/dist/assets/images/page-img/profile-bg9.jpg]
[templates.iqonic.design/socialv/bs5/html/dist/assets/images/user/14.jpg]
[templates.iqonic.design/socialv/bs5/html/dist/assets/images/user/15.jpg]
[templates.iqonic.design/socialv/bs5/html/dist/assets/images/user/16.jpg]
[templates.iqonic.design/socialv/bs5/html/dist/assets/images/user/17.jpg]
[templates.iqonic.design/socialv/bs5/html/dist/assets/images/user/18.jpg]
[templates.iqonic.design/socialv/bs5/html/dist/assets/images/user/19.jpg]
[templates.iqonic.design/socialv/bs5/html/dist/dashboard/friend-list.html]
[templates.iqonic.design/socialv/bs5/html/dist/assets/images/user/11.png]
[templates.iqonic.design/socialv/bs5/html/dist/assets/images/page-img/g1.jpg]
[templates.iqonic.design/socialv/bs5/html/dist/assets/images/page-img/g2.jpg]
[templates.iqonic.design/socialv/bs5/html/dist/assets/images/page-img/g3.jpg]
[templates.iqonic.design/socialv/bs5/html/dist/assets/images/page-img/g4.jpg]
[templates.iqonic.design/socialv/bs5/html/dist/assets/images/page-img/g5.jpg]
[templates.iqonic.design/socialv/bs5/html/dist/assets/images/page-img/g6.jpg]
[templates.iqonic.design/socialv/bs5/html/dist/assets/images/page-img/g7.jpg]
[templates.iqonic.design/socialv/bs5/html/dist/assets/images/page-img/g8.jpg]
[templates.iqonic.design/socialv/bs5/html/dist/assets/images/page-img/g9.jpg]
[templates.iqonic.design/socialv/bs5/html/dist/assets/images/page-img/59.jpg]
[templates.iqonic.design/socialv/bs5/html/dist/assets/images/page-img/56.jpg]
[templates.iqonic.design/socialv/bs5/html/dist/assets/images/page-img/57.jpg]
[templates.iqonic.design/socialv/bs5/html/dist/assets/images/page-img/58.jpg]
[templates.iqonic.design/socialv/bs5/html/dist/dashboard/friend-profile.html]
[templates.iqonic.design/socialv/bs5/html/dist/assets/images/user/4.jpg]
[templates.iqonic.design/socialv/bs5/html/dist/dashboard/notification.html]
[templates.iqonic.design/socialv/bs5/html/dist/assets/images/page-img/43.png]
[templates.iqonic.design/socialv/bs5/html/dist/assets/images/page-img/44.png]
[templates.iqonic.design/socialv/bs5/html/dist/assets/images/page-img/45.png]
[templates.iqonic.design/socialv/bs5/html/dist/assets/images/page-img/46.png]
[templates.iqonic.design/socialv/bs5/html/dist/assets/images/page-img/47.png]
[templates.iqonic.design/socialv/bs5/html/dist/dashboard/file.html]
[templates.iqonic.design/socialv/bs5/html/dist/dashboard/friend-request.html]
[templates.iqonic.design/socialv/bs5/html/dist/assets/vendor/fullcalendar/core/main.css]
[templates.iqonic.design/socialv/bs5/html/dist/assets/vendor/fullcalendar/daygrid/main.css]
[templates.iqonic.design/socialv/bs5/html/dist/assets/vendor/fullcalendar/timegrid/main.css]
[templates.iqonic.design/socialv/bs5/html/dist/assets/vendor/fullcalendar/list/main.css]
[templates.iqonic.design/socialv/bs5/html/dist/assets/vendor/fullcalendar/core/main.js]
[templates.iqonic.design/socialv/bs5/html/dist/assets/vendor/fullcalendar/daygrid/main.js]
[templates.iqonic.design/socialv/bs5/html/dist/assets/vendor/fullcalendar/timegrid/main.js]
[templates.iqonic.design/socialv/bs5/html/dist/assets/vendor/fullcalendar/list/main.js]
[templates.iqonic.design/socialv/bs5/html/dist/assets/vendor/fullcalendar/interaction/main.js]
[templates.iqonic.design/socialv/bs5/html/dist/dashboard/calendar.html]
[templates.iqonic.design/socialv/bs5/html/dist/dashboard/birthday.html]
[templates.iqonic.design/socialv/bs5/html/dist/assets/vendor/moment.min.js]
[templates.iqonic.design/socialv/bs5/html/dist/dashboard/weather.html]
[templates.iqonic.design/socialv/bs5/html/dist/assets/images/page-img/l1.jpg]
[templates.iqonic.design/socialv/bs5/html/dist/assets/images/page-img/l2.jpg]
[templates.iqonic.design/socialv/bs5/html/dist/assets/images/page-img/l3.jpg]
[templates.iqonic.design/socialv/bs5/html/dist/assets/images/page-img/l4.jpg]
[templates.iqonic.design/socialv/bs5/html/dist/assets/images/page-img/l5.jpg]
[templates.iqonic.design/socialv/bs5/html/dist/assets/images/page-img/l6.jpg]
[templates.iqonic.design/socialv/bs5/html/dist/assets/images/page-img/48.jpg]
[templates.iqonic.design/socialv/bs5/html/dist/assets/images/page-img/n1.jpg]
[templates.iqonic.design/socialv/bs5/html/dist/assets/images/page-img/n2.jpg]
[templates.iqonic.design/socialv/bs5/html/dist/assets/images/page-img/n3.jpg]
[templates.iqonic.design/socialv/bs5/html/dist/assets/images/page-img/n4.jpg]
[templates.iqonic.design/socialv/bs5/html/dist/assets/images/page-img/n5.jpg]
[templates.iqonic.design/socialv/bs5/html/dist/assets/images/page-img/n6.jpg]
[templates.iqonic.design/socialv/bs5/html/dist/assets/images/page-img/n7.jpg]
[templates.iqonic.design/socialv/bs5/html/dist/assets/images/page-img/n8.jpg]
[templates.iqonic.design/socialv/bs5/html/dist/assets/images/page-img/r8.jpg]
[templates.iqonic.design/socialv/bs5/html/dist/assets/images/page-img/r1.jpg]
[templates.iqonic.design/socialv/bs5/html/dist/assets/images/page-img/r2.jpg]
[templates.iqonic.design/socialv/bs5/html/dist/assets/images/page-img/r7.jpg]
[templates.iqonic.design/socialv/bs5/html/dist/assets/images/page-img/r3.jpg]
[templates.iqonic.design/socialv/bs5/html/dist/assets/images/page-img/r4.jpg]
[templates.iqonic.design/socialv/bs5/html/dist/assets/images/page-img/r5.jpg]
[templates.iqonic.design/socialv/bs5/html/dist/assets/images/page-img/r6.jpg]
[templates.iqonic.design/socialv/bs5/html/dist/dashboard/music.html]
[templates.iqonic.design/socialv/bs5/html/dist/assets/images/blog/b1.jpg]
[templates.iqonic.design/socialv/bs5/html/dist/assets/images/blog/03.jpg]
[templates.iqonic.design/socialv/bs5/html/dist/assets/images/blog/04.jpg]
[templates.iqonic.design/socialv/bs5/html/dist/assets/images/blog/b2.jpg]
[templates.iqonic.design/socialv/bs5/html/dist/assets/images/blog/b3.jpg]
[templates.iqonic.design/socialv/bs5/html/dist/assets/images/blog/01.jpg]
[templates.iqonic.design/socialv/bs5/html/dist/assets/images/blog/b4.jpg]
[templates.iqonic.design/socialv/bs5/html/dist/dashboard/blog-grid.html]
[templates.iqonic.design/socialv/bs5/html/dist/assets/images/blog/02.jpg]
[templates.iqonic.design/socialv/bs5/html/dist/assets/images/blog/05.jpg]
[templates.iqonic.design/socialv/bs5/html/dist/assets/images/blog/06.jpg]
[templates.iqonic.design/socialv/bs5/html/dist/assets/images/blog/07.jpg]
[templates.iqonic.design/socialv/bs5/html/dist/assets/images/blog/08.jpg]
[templates.iqonic.design/socialv/bs5/html/dist/dashboard/blog-list.html]
[templates.iqonic.design/socialv/bs5/html/dist/dashboard/blog-detail.html]
[templates.iqonic.design/socialv/bs5/html/dist/assets/images/store/01.jpg]
[templates.iqonic.design/socialv/bs5/html/dist/assets/images/store/02.jpg]
[templates.iqonic.design/socialv/bs5/html/dist/assets/images/store/03.jpg]
[templates.iqonic.design/socialv/bs5/html/dist/assets/images/store/04.jpg]
[templates.iqonic.design/socialv/bs5/html/dist/assets/images/store/05.jpg]
[templates.iqonic.design/socialv/bs5/html/dist/assets/images/store/06.jpg]
[templates.iqonic.design/socialv/bs5/html/dist/assets/images/store/07.jpg]
[templates.iqonic.design/socialv/bs5/html/dist/assets/images/store/08.jpg]
[templates.iqonic.design/socialv/bs5/html/dist/dashboard/store-category-grid.html]
[templates.iqonic.design/socialv/bs5/html/dist/dashboard/store-category-list.html]
[templates.iqonic.design/socialv/bs5/html/dist/assets/images/store/c1.jpg]
[templates.iqonic.design/socialv/bs5/html/dist/assets/images/store/c2.jpg]
[templates.iqonic.design/socialv/bs5/html/dist/assets/images/store/c3.jpg]
[templates.iqonic.design/socialv/bs5/html/dist/assets/images/store/c4.jpg]
[templates.iqonic.design/socialv/bs5/html/dist/assets/images/store/09.jpg]
[templates.iqonic.design/socialv/bs5/html/dist/dashboard/store-detail.html]
[templates.iqonic.design/socialv/bs5/html/dist/assets/images/icon/cart.png]
[templates.iqonic.design/socialv/bs5/html/dist/dashboard/store-checkout.html]
[templates.iqonic.design/socialv/bs5/html/dist/dashboard/ui-color.html]
[templates.iqonic.design/socialv/bs5/html/dist/dashboard/ui-typography.html]
[templates.iqonic.design/socialv/bs5/html/dist/dashboard/ui-alerts.html]
[templates.iqonic.design/socialv/bs5/html/dist/dashboard/ui-badges.html]
[templates.iqonic.design/socialv/bs5/html/dist/dashboard/ui-breadcrumb.html]
[templates.iqonic.design/socialv/bs5/html/dist/dashboard/ui-buttons.html]
[templates.iqonic.design/socialv/bs5/html/dist/assets/images/page-img/07.jpg]
[templates.iqonic.design/socialv/bs5/html/dist/assets/images/page-img/08.jpg]
[templates.iqonic.design/socialv/bs5/html/dist/assets/images/page-img/09.jpg]
[templates.iqonic.design/socialv/bs5/html/dist/dashboard/ui-cards.html]
[templates.iqonic.design/socialv/bs5/html/dist/dashboard/ui-carousel.html]
[templates.iqonic.design/socialv/bs5/html/dist/dashboard/ui-embed-video.html]
[templates.iqonic.design/socialv/bs5/html/dist/dashboard/ui-grid.html]
[templates.iqonic.design/socialv/bs5/html/dist/assets/images/page-img/15.jpg]
[templates.iqonic.design/socialv/bs5/html/dist/assets/images/page-img/16.jpg]
[templates.iqonic.design/socialv/bs5/html/dist/assets/images/page-img/17.jpg]
[templates.iqonic.design/socialv/bs5/html/dist/assets/images/page-img/18.jpg]
[templates.iqonic.design/socialv/bs5/html/dist/assets/images/page-img/19.jpg]
[templates.iqonic.design/socialv/bs5/html/dist/assets/images/page-img/20.jpg]
[templates.iqonic.design/socialv/bs5/html/dist/assets/images/page-img/10.jpg]
[templates.iqonic.design/socialv/bs5/html/dist/assets/images/page-img/11.jpg]
[templates.iqonic.design/socialv/bs5/html/dist/assets/images/page-img/12.jpg]
[templates.iqonic.design/socialv/bs5/html/dist/assets/images/page-img/13.jpg]
[templates.iqonic.design/socialv/bs5/html/dist/assets/images/page-img/14.jpg]
[templates.iqonic.design/socialv/bs5/html/dist/assets/images/page-img/21.jpg]
[templates.iqonic.design/socialv/bs5/html/dist/assets/images/page-img/22.jpg]
[templates.iqonic.design/socialv/bs5/html/dist/assets/images/page-img/23.jpg]
[templates.iqonic.design/socialv/bs5/html/dist/assets/images/page-img/24.jpg]
[templates.iqonic.design/socialv/bs5/html/dist/dashboard/ui-images.html]
[templates.iqonic.design/socialv/bs5/html/dist/dashboard/ui-list-group.html]
[templates.iqonic.design/socialv/bs5/html/dist/dashboard/ui-modal.html]
[templates.iqonic.design/socialv/bs5/html/dist/dashboard/ui-notifications.html]
[templates.iqonic.design/socialv/bs5/html/dist/dashboard/ui-pagination.html]
[templates.iqonic.design/socialv/bs5/html/dist/dashboard/ui-popovers.html]
[templates.iqonic.design/socialv/bs5/html/dist/dashboard/ui-progressbars.html]
[templates.iqonic.design/socialv/bs5/html/dist/dashboard/ui-tabs.html]
[templates.iqonic.design/socialv/bs5/html/dist/dashboard/ui-tooltips.html]
[templates.iqonic.design/socialv/bs5/html/dist/dashboard/form-layout.html]
[templates.iqonic.design/socialv/bs5/html/dist/dashboard/form-validation.html]
[templates.iqonic.design/socialv/bs5/html/dist/dashboard/form-switch.html]
[templates.iqonic.design/socialv/bs5/html/dist/dashboard/form-chechbox.html]
[templates.iqonic.design/socialv/bs5/html/dist/dashboard/form-radio.html]
[templates.iqonic.design/socialv/bs5/html/dist/assets/images/page-img/img-success.png]
[templates.iqonic.design/socialv/bs5/html/dist/dashboard/form-wizard.html]
[templates.iqonic.design/socialv/bs5/html/dist/dashboard/form-wizard-validate.html]
[templates.iqonic.design/socialv/bs5/html/dist/dashboard/form-wizard-vertical.html]
[templates.iqonic.design/socialv/bs5/html/dist/dashboard/tables-basic.html]
[templates.iqonic.design/socialv/bs5/html/dist/dashboard/data-table.html]
[templates.iqonic.design/socialv/bs5/html/dist/dashboard/table-editable.html]
[templates.iqonic.design/socialv/bs5/html/dist/dashboard/icon-fontawesome-5.html]
[templates.iqonic.design/socialv/bs5/html/dist/dashboard/icon-lineawesome.html]
[templates.iqonic.design/socialv/bs5/html/dist/dashboard/icon-remixicon.html]
[templates.iqonic.design/socialv/bs5/html/dist/assets/images/logo-full.png]
[templates.iqonic.design/socialv/bs5/html/dist/assets/images/login/1.png]
[templates.iqonic.design/socialv/bs5/html/dist/assets/images/login/2.png]
[templates.iqonic.design/socialv/bs5/html/dist/assets/images/login/3.png]
[templates.iqonic.design/socialv/bs5/html/dist/dashboard/sign-in.html]
[templates.iqonic.design/socialv/bs5/html/dist/dashboard/sign-up.html]
[templates.iqonic.design/socialv/bs5/html/dist/dashboard/pages-recoverpw.html]
[templates.iqonic.design/socialv/bs5/html/dist/assets/images/login/mail.png]
[templates.iqonic.design/socialv/bs5/html/dist/dashboard/pages-confirm-mail.html]
[templates.iqonic.design/socialv/bs5/html/dist/dashboard/pages-lock-screen.html]
[templates.iqonic.design/socialv/bs5/html/dist/dashboard/pages-timeline.html]
[templates.iqonic.design/socialv/bs5/html/dist/dashboard/pages-invoice.html]
[templates.iqonic.design/socialv/bs5/html/dist/dashboard/blank-page.html]
[templates.iqonic.design/socialv/bs5/html/dist/assets/images/error/400.png]
[templates.iqonic.design/socialv/bs5/html/dist/dashboard/pages-error.html]
[templates.iqonic.design/socialv/bs5/html/dist/assets/images/error/500.png]
[templates.iqonic.design/socialv/bs5/html/dist/dashboard/pages-error-500.html]
[templates.iqonic.design/socialv/bs5/html/dist/dashboard/pages-pricing.html]
[templates.iqonic.design/socialv/bs5/html/dist/assets/images/page-img/25.jpg]
[templates.iqonic.design/socialv/bs5/html/dist/assets/images/page-img/26.jpg]
[templates.iqonic.design/socialv/bs5/html/dist/assets/images/page-img/27.jpg]
[templates.iqonic.design/socialv/bs5/html/dist/assets/images/page-img/28.jpg]
[templates.iqonic.design/socialv/bs5/html/dist/dashboard/pages-pricing-one.html]
[templates.iqonic.design/socialv/bs5/html/dist/assets/images/error/02.png]
[templates.iqonic.design/socialv/bs5/html/dist/dashboard/pages-maintenance.html]
[templates.iqonic.design/socialv/bs5/html/dist/assets/js/countdown.js]
[templates.iqonic.design/socialv/bs5/html/dist/dashboard/pages-comingsoon.html]
[templates.iqonic.design/socialv/bs5/html/dist/dashboard/pages-faq.html]
[templates.iqonic.design/socialv/bs5/html/dist/dashboard/privacy-policy.html]
[templates.iqonic.design/socialv/bs5/html/dist/dashboard/terms-of-service.html]
[templates.iqonic.design/socialv/bs5/html/dist/vendor/vanillajs-datepicker/dist/js/datepicker.min.html]
[templates.iqonic.design/socialv/bs5/html/dist/assets/images/sort_both.html]
[templates.iqonic.design/socialv/bs5/html/dist/assets/images/sort_asc.html]
[templates.iqonic.design/socialv/bs5/html/dist/assets/images/sort_desc.html]
[templates.iqonic.design/socialv/bs5/html/dist/assets/images/sort_asc_disabled.html]
[templates.iqonic.design/socialv/bs5/html/dist/assets/images/sort_desc_disabled.html]
[templates.iqonic.design/socialv/bs5/html/dist/assets/css/images/layers.html]
[templates.iqonic.design/socialv/bs5/html/dist/assets/css/images/layers-2x.html]
[templates.iqonic.design/socialv/bs5/html/dist/assets/css/images/marker-icon.html]
[templates.iqonic.design/socialv/bs5/html/dist/assets/vendor/remixicon/fonts/remixicondf6d.svg]
[templates.iqonic.design/socialv/bs5/html/dist/assets/vendor/fullcalendar/core/main.css]
[templates.iqonic.design/socialv/bs5/html/dist/assets/vendor/fullcalendar/daygrid/main.css]
[templates.iqonic.design/socialv/bs5/html/dist/assets/vendor/fullcalendar/timegrid/main.css]
[templates.iqonic.design/socialv/bs5/html/dist/assets/vendor/fullcalendar/list/main.css]
